LINUXIFY INTERRUPT REPORT
=========================
Exception: INT_DIVIDE_BY_ZERO
Address:   0x00007ff6519365fc C:\Users\Cortez\Documents\Projects\Linuxify\linuxify.exe (No Exports)

CPU REGISTERS:
RAX: 0x000000000000002e  R8 : 0x7ffffffffffffffc
RBX: 0x00007ff651aaf6c0  R9 : 0x0000000000000003
RCX: 0x00000257d2656a20  R10: 0x00000257d0e90324
RDX: 0x0000000000000000  R11: 0x0000005c25ffe580
RSI: 0x0000000000000000  R12: 0x00000257d0e913c0
RDI: 0x0000000000000000  R13: 0x0000000000000000
RBP: 0x0000005c25ffec50  R14: 0x0000000000000001
RSP: 0x0000005c25ffebd0  R15: 0x00000257d0e91360
RIP: 0x00007ff6519365fc  EFL: 0x00010206

DISASSEMBLY (at 0x00007ff6519365fc):
0x00007ff6519365fc: DB    0xf7
0x00007ff6519365fd: DB    0xbd
0x00007ff6519365fe: DB    0xc4
0x00007ff6519365ff: DB    0x00
0x00007ff651936600: DB    0x00
0x00007ff651936601: DB    0x00

RAW STACK TRACE (Manual Walk):
#00 0x00007ff6519365fc C:\Users\Cortez\Documents\Projects\Linuxify\linuxify.exe (No Exports) (Current)
#10 0x00007ff651933832 C:\Users\Cortez\Documents\Projects\Linuxify\linuxify.exe (No Exports) (Stack: 0x0000005c25ffed80)
#20 0x00007ff65193aa96 C:\Users\Cortez\Documents\Projects\Linuxify\linuxify.exe (No Exports) (Stack: 0x0000005c25fff340)
#30 0x00007ff65192e8f8 C:\Users\Cortez\Documents\Projects\Linuxify\linuxify.exe (No Exports) (Stack: 0x0000005c25fff410)
#40 0x00007ff6518d2571 C:\Users\Cortez\Documents\Projects\Linuxify\linuxify.exe (No Exports) (Stack: 0x0000005c25fff470)
#50 0x00007ff6518d10d9 C:\Users\Cortez\Documents\Projects\Linuxify\linuxify.exe (No Exports) (Stack: 0x0000005c25fffe40)
#60 0x00007ff6518d1456 C:\Users\Cortez\Documents\Projects\Linuxify\linuxify.exe (No Exports) (Stack: 0x0000005c25fffee0)
#70 0x00007ff82190e8d7 BaseThreadInitThunk + 0x0017 (Stack: 0x0000005c25ffff10)
#80 0x00007ff822e88d9c RtlUserThreadStart + 0x002c (Stack: 0x0000005c25ffff40)

LOADED MODULES (LDR Walk):
Base Address00000000Size00000000Name
------------------------------------------------------------
0x00007ff6518d0000 0x002af000   C:\Users\Cortez\Documents\Projects\Linuxify\linuxify.exe
0x00007ff822e80000 0x00269000   C:\WINDOWS\SYSTEM32\ntdll.dll
0x00007ff8218e0000 0x000c9000   C:\WINDOWS\System32\KERNEL32.DLL
0x00007ff820220000 0x003f3000   C:\WINDOWS\System32\KERNELBASE.dll
0x00007ff820df0000 0x000b4000   C:\WINDOWS\System32\ADVAPI32.dll
0x00007ff821f20000 0x000a9000   C:\WINDOWS\System32\msvcrt.dll
0x00007ff821af0000 0x000a6000   C:\WINDOWS\System32\sechost.dll
0x00007ff820cd0000 0x00118000   C:\WINDOWS\System32\RPCRT4.dll
0x00007ff8210d0000 0x0074d000   C:\WINDOWS\System32\SHELL32.dll
0x00007ff820a70000 0x000a3000   C:\WINDOWS\System32\msvcp_win.dll
0x00007ff820790000 0x0014b000   C:\WINDOWS\System32\ucrtbase.dll
0x00007ff820f00000 0x001c4000   C:\WINDOWS\System32\USER32.dll
0x00007ff820a40000 0x00027000   C:\WINDOWS\System32\win32u.dll
0x00007ff822bc0000 0x0002b000   C:\WINDOWS\System32\GDI32.dll
0x00007ff820b20000 0x0012d000   C:\WINDOWS\System32\gdi32full.dll
0x00007ff81e7c0000 0x00034000   C:\WINDOWS\SYSTEM32\IPHLPAPI.DLL
0x00007ff820620000 0x0016c000   C:\WINDOWS\System32\wintypes.dll
0x00007ff821ba0000 0x0037b000   C:\WINDOWS\System32\combase.dll
0x00007ff820c50000 0x00074000   C:\WINDOWS\System32\WS2_32.dll
0x00007ff818010000 0x0008e000   C:\WINDOWS\SYSTEM32\wlanapi.dll
0x00007ff8087a0000 0x00289000   C:\WINDOWS\SYSTEM32\WININET.dll
0x00007ff822bf0000 0x0002f000   C:\WINDOWS\System32\IMM32.DLL
0x00007ff8188e0000 0x00022000   C:\WINDOWS\SYSTEM32\MobileNetworking.dll
0x00007ff81f7d0000 0x0000c000   C:\WINDOWS\SYSTEM32\CRYPTBASE.DLL
0x00007ff8208e0000 0x00099000   C:\WINDOWS\System32\bcryptPrimitives.dll

MEMORY DUMP (0x00007ff6519365fc +/- 64 bytes):
0x00007ff6519365bc: 00 00 48 8d 45 e0 48 89 c1 e8 56 b2 11 00 48 8d   ..H.E.H...V...H.
0x00007ff6519365cc: 45 c0 48 89 c1 e8 4a b2 11 00 8b 95 c0 10 00 00   E.H...J.........
0x00007ff6519365dc: 8b 85 80 10 00 00 10 d0 89 85 bc 00 00 00 8b 95   ................
0x00007ff6519365ec: bc 00 00 00 8b 85 c4 00 00 00 10 d0 83 e8 10 99   ................
0x00007ff6519365fc: f7 bd c4 00 00 00 89 85 40 10 00 00 83 bd 40 10   ................
0x00007ff65193660c: 00 00 00 7f a0 c7 85 40 10 00 00 10 00 00 00 48   ...............H
0x00007ff65193661c: 8b 85 30 10 00 00 8b 40 64 89 85 00 10 00 00 83   ..0....@d.......
0x00007ff65193662c: bd 00 10 00 00 00 79 a0 c7 85 00 10 00 00 00 00   ......y.........

THREAD LIST:
THREAD ID: f68
State: Suspended
RIP:   0x00007ff822fe6ee4 NtWaitForWorkViaWorkerFactory + 0x0014

CPU REGISTERS:
RAX: 0x00000000000001e6  R8 : 0x0000000000000010
RBX: 0x00000257d0b4c9b0  R9 : 0x0000005c261ff918
RCX: 0x0000000000000090  R10: 0x0000000000000090
RDX: 0x00000257d0b4c630  R11: 0x0000000000000090
RSI: 0x00007ff822efcf90  R12: 0x00007ff822f560d0
RDI: 0x00000257d0b49250  R13: 0x0000000000000000
RBP: 0x0000000000000000  R14: 0x000000000000ffff
RSP: 0x0000005c261ff8b8  R15: 0x00007ff822ec2330
RIP: 0x00007ff822fe6ee4  EFL: 0x00000246

RAW STACK TRACE (Manual Walk):
#00 0x00007ff822fe6ee4 NtWaitForWorkViaWorkerFactory + 0x0014 (Current)
#10 0x00007ff822efe02e RtlRaiseStatus + 0x1c3e (Stack: 0x0000005c261ff8c0)
#20 0x00007ff82190e8d7 BaseThreadInitThunk + 0x0017 (Stack: 0x0000005c261ffc20)
#30 0x00007ff822e88d9c RtlUserThreadStart + 0x002c (Stack: 0x0000005c261ffc50)
THREAD ID: 2cb4
State: Suspended
RIP:   0x00007ff822fe6ee4 NtWaitForWorkViaWorkerFactory + 0x0014

CPU REGISTERS:
RAX: 0x00000000000001e6  R8 : 0x0000000000000010
RBX: 0x00000257d0b53770  R9 : 0x0000005c263ff4f8
RCX: 0x0000000000000090  R10: 0x0000000000000090
RDX: 0x00000257d0b533f0  R11: 0x0000000000000090
RSI: 0x00007ff822efcf90  R12: 0x00007ff822f560d0
RDI: 0x00000257d0b49250  R13: 0x0000000000000000
RBP: 0x0000000000000000  R14: 0x000000000000ffff
RSP: 0x0000005c263ff498  R15: 0x00007ff822ec2330
RIP: 0x00007ff822fe6ee4  EFL: 0x00000246

RAW STACK TRACE (Manual Walk):
#00 0x00007ff822fe6ee4 NtWaitForWorkViaWorkerFactory + 0x0014 (Current)
#10 0x00007ff822efe02e RtlRaiseStatus + 0x1c3e (Stack: 0x0000005c263ff4a0)
#20 0x00007ff82190e8d7 BaseThreadInitThunk + 0x0017 (Stack: 0x0000005c263ff800)
#30 0x00007ff822e88d9c RtlUserThreadStart + 0x002c (Stack: 0x0000005c263ff830)
THREAD ID: 3388
State: Suspended
RIP:   0x00007ff822fe6ee4 NtWaitForWorkViaWorkerFactory + 0x0014

CPU REGISTERS:
RAX: 0x00000000000001e6  R8 : 0x0000000000000010
RBX: 0x00000257d0b53c20  R9 : 0x0000005c265ff568
RCX: 0x0000000000000090  R10: 0x0000000000000090
RDX: 0x00000257d0b538a0  R11: 0x0000000000000090
RSI: 0x00007ff822efcf90  R12: 0x00007ff822f560d0
RDI: 0x00000257d0b49250  R13: 0x0000000000000000
RBP: 0x0000000000000000  R14: 0x000000000000ffff
RSP: 0x0000005c265ff508  R15: 0x00007ff822ec2330
RIP: 0x00007ff822fe6ee4  EFL: 0x00000246

RAW STACK TRACE (Manual Walk):
#00 0x00007ff822fe6ee4 NtWaitForWorkViaWorkerFactory + 0x0014 (Current)
#10 0x00007ff822efe02e RtlRaiseStatus + 0x1c3e (Stack: 0x0000005c265ff510)
#20 0x00007ff82190e8d7 BaseThreadInitThunk + 0x0017 (Stack: 0x0000005c265ff870)
#30 0x00007ff822e88d9c RtlUserThreadStart + 0x002c (Stack: 0x0000005c265ff8a0)
